// Jest Snapshot v1, https://goo.gl/fbAQLP

exports[`Testing App component renders as expected 1`] = `
ShallowWrapper {
  Symbol(enzyme.__root__): [Circular],
  Symbol(enzyme.__unrendered__): <Character
    name="Wolver-dok"
    onOpenModal={[Function]}
    thumbnail={
      Object {
        "extension": "jpg",
        "path": "http://i.annihil.us/u/prod/marvel/i/mg/b/40/image_not_available",
      }
    }
  />,
  Symbol(enzyme.__renderer__): Object {
    "batchedUpdates": [Function],
    "getNode": [Function],
    "render": [Function],
    "simulateError": [Function],
    "simulateEvent": [Function],
    "unmount": [Function],
  },
  Symbol(enzyme.__node__): Object {
    "instance": null,
    "key": undefined,
    "nodeType": "host",
    "props": Object {
      "children": <div
        className="thumbnail"
      >
        <img
          alt="Marvel character"
          src="http://i.annihil.us/u/prod/marvel/i/mg/b/40/image_not_available/portrait_fantastic.jpg"
        />
        <div
          className="caption"
        >
          <h5>
            Wolver-dok
          </h5>
        </div>
      </div>,
      "className": "col-sm-6 col-md-2 character",
      "onClick": [Function],
    },
    "ref": null,
    "rendered": Object {
      "instance": null,
      "key": undefined,
      "nodeType": "host",
      "props": Object {
        "children": Array [
          <img
            alt="Marvel character"
            src="http://i.annihil.us/u/prod/marvel/i/mg/b/40/image_not_available/portrait_fantastic.jpg"
          />,
          <div
            className="caption"
          >
            <h5>
              Wolver-dok
            </h5>
          </div>,
        ],
        "className": "thumbnail",
      },
      "ref": null,
      "rendered": Array [
        Object {
          "instance": null,
          "key": undefined,
          "nodeType": "host",
          "props": Object {
            "alt": "Marvel character",
            "src": "http://i.annihil.us/u/prod/marvel/i/mg/b/40/image_not_available/portrait_fantastic.jpg",
          },
          "ref": null,
          "rendered": null,
          "type": "img",
        },
        Object {
          "instance": null,
          "key": undefined,
          "nodeType": "host",
          "props": Object {
            "children": <h5>
              Wolver-dok
            </h5>,
            "className": "caption",
          },
          "ref": null,
          "rendered": Object {
            "instance": null,
            "key": undefined,
            "nodeType": "host",
            "props": Object {
              "children": "Wolver-dok",
            },
            "ref": null,
            "rendered": "Wolver-dok",
            "type": "h5",
          },
          "type": "div",
        },
      ],
      "type": "div",
    },
    "type": "div",
  },
  Symbol(enzyme.__nodes__): Array [
    Object {
      "instance": null,
      "key": undefined,
      "nodeType": "host",
      "props": Object {
        "children": <div
          className="thumbnail"
        >
          <img
            alt="Marvel character"
            src="http://i.annihil.us/u/prod/marvel/i/mg/b/40/image_not_available/portrait_fantastic.jpg"
          />
          <div
            className="caption"
          >
            <h5>
              Wolver-dok
            </h5>
          </div>
        </div>,
        "className": "col-sm-6 col-md-2 character",
        "onClick": [Function],
      },
      "ref": null,
      "rendered": Object {
        "instance": null,
        "key": undefined,
        "nodeType": "host",
        "props": Object {
          "children": Array [
            <img
              alt="Marvel character"
              src="http://i.annihil.us/u/prod/marvel/i/mg/b/40/image_not_available/portrait_fantastic.jpg"
            />,
            <div
              className="caption"
            >
              <h5>
                Wolver-dok
              </h5>
            </div>,
          ],
          "className": "thumbnail",
        },
        "ref": null,
        "rendered": Array [
          Object {
            "instance": null,
            "key": undefined,
            "nodeType": "host",
            "props": Object {
              "alt": "Marvel character",
              "src": "http://i.annihil.us/u/prod/marvel/i/mg/b/40/image_not_available/portrait_fantastic.jpg",
            },
            "ref": null,
            "rendered": null,
            "type": "img",
          },
          Object {
            "instance": null,
            "key": undefined,
            "nodeType": "host",
            "props": Object {
              "children": <h5>
                Wolver-dok
              </h5>,
              "className": "caption",
            },
            "ref": null,
            "rendered": Object {
              "instance": null,
              "key": undefined,
              "nodeType": "host",
              "props": Object {
                "children": "Wolver-dok",
              },
              "ref": null,
              "rendered": "Wolver-dok",
              "type": "h5",
            },
            "type": "div",
          },
        ],
        "type": "div",
      },
      "type": "div",
    },
  ],
  Symbol(enzyme.__options__): Object {
    "adapter": ReactSixteenAdapter {
      "options": Object {
        "enableComponentDidUpdateOnSetState": true,
        "lifecycles": Object {
          "componentDidUpdate": Object {
            "onSetState": true,
          },
          "getDerivedStateFromProps": true,
          "getSnapshotBeforeUpdate": true,
          "setState": Object {
            "skipsComponentDidUpdateOnNullish": true,
          },
        },
      },
    },
  },
}
`;
