// Jest Snapshot v1, https://goo.gl/fbAQLP

exports[`Testing Header component renders as expected 1`] = `
ShallowWrapper {
  Symbol(enzyme.__root__): [Circular],
  Symbol(enzyme.__unrendered__): <Header
    handleInputChange={[Function]}
    isSearching={false}
  />,
  Symbol(enzyme.__renderer__): Object {
    "batchedUpdates": [Function],
    "getNode": [Function],
    "render": [Function],
    "simulateError": [Function],
    "simulateEvent": [Function],
    "unmount": [Function],
  },
  Symbol(enzyme.__node__): Object {
    "instance": null,
    "key": undefined,
    "nodeType": "host",
    "props": Object {
      "children": <div
        className="container"
      >
        <div
          className="row justify-content-center"
        >
          <div
            className="col-10 col-sm-8 col-md-6"
          >
            <div
              className="input-group"
            >
              <div
                className="input-group-prepend"
              >
                <span
                  className="input-group-text box"
                  id="basic-addon1"
                >
                  @
                </span>
              </div>
              <Debounce
                handler="onChange"
                handlers={Array []}
                time="400"
              >
                <input
                  aria-describedby="search"
                  className="form-control"
                  onChange={[Function]}
                  placeholder="Search..."
                  type="text"
                />
              </Debounce>
            </div>
          </div>
        </div>
      </div>,
      "className": "jumbotron jumbotron-fluid header",
    },
    "ref": null,
    "rendered": Object {
      "instance": null,
      "key": undefined,
      "nodeType": "host",
      "props": Object {
        "children": <div
          className="row justify-content-center"
        >
          <div
            className="col-10 col-sm-8 col-md-6"
          >
            <div
              className="input-group"
            >
              <div
                className="input-group-prepend"
              >
                <span
                  className="input-group-text box"
                  id="basic-addon1"
                >
                  @
                </span>
              </div>
              <Debounce
                handler="onChange"
                handlers={Array []}
                time="400"
              >
                <input
                  aria-describedby="search"
                  className="form-control"
                  onChange={[Function]}
                  placeholder="Search..."
                  type="text"
                />
              </Debounce>
            </div>
          </div>
        </div>,
        "className": "container",
      },
      "ref": null,
      "rendered": Object {
        "instance": null,
        "key": undefined,
        "nodeType": "host",
        "props": Object {
          "children": <div
            className="col-10 col-sm-8 col-md-6"
          >
            <div
              className="input-group"
            >
              <div
                className="input-group-prepend"
              >
                <span
                  className="input-group-text box"
                  id="basic-addon1"
                >
                  @
                </span>
              </div>
              <Debounce
                handler="onChange"
                handlers={Array []}
                time="400"
              >
                <input
                  aria-describedby="search"
                  className="form-control"
                  onChange={[Function]}
                  placeholder="Search..."
                  type="text"
                />
              </Debounce>
            </div>
          </div>,
          "className": "row justify-content-center",
        },
        "ref": null,
        "rendered": Object {
          "instance": null,
          "key": undefined,
          "nodeType": "host",
          "props": Object {
            "children": <div
              className="input-group"
            >
              <div
                className="input-group-prepend"
              >
                <span
                  className="input-group-text box"
                  id="basic-addon1"
                >
                  @
                </span>
              </div>
              <Debounce
                handler="onChange"
                handlers={Array []}
                time="400"
              >
                <input
                  aria-describedby="search"
                  className="form-control"
                  onChange={[Function]}
                  placeholder="Search..."
                  type="text"
                />
              </Debounce>
            </div>,
            "className": "col-10 col-sm-8 col-md-6",
          },
          "ref": null,
          "rendered": Object {
            "instance": null,
            "key": undefined,
            "nodeType": "host",
            "props": Object {
              "children": Array [
                <div
                  className="input-group-prepend"
                >
                  <span
                    className="input-group-text box"
                    id="basic-addon1"
                  >
                    @
                  </span>
                </div>,
                <Debounce
                  handler="onChange"
                  handlers={Array []}
                  time="400"
                >
                  <input
                    aria-describedby="search"
                    className="form-control"
                    onChange={[Function]}
                    placeholder="Search..."
                    type="text"
                  />
                </Debounce>,
              ],
              "className": "input-group",
            },
            "ref": null,
            "rendered": Array [
              Object {
                "instance": null,
                "key": undefined,
                "nodeType": "host",
                "props": Object {
                  "children": <span
                    className="input-group-text box"
                    id="basic-addon1"
                  >
                    @
                  </span>,
                  "className": "input-group-prepend",
                },
                "ref": null,
                "rendered": Object {
                  "instance": null,
                  "key": undefined,
                  "nodeType": "host",
                  "props": Object {
                    "children": "@",
                    "className": "input-group-text box",
                    "id": "basic-addon1",
                  },
                  "ref": null,
                  "rendered": "@",
                  "type": "span",
                },
                "type": "div",
              },
              Object {
                "instance": null,
                "key": undefined,
                "nodeType": "class",
                "props": Object {
                  "children": <input
                    aria-describedby="search"
                    className="form-control"
                    onChange={[Function]}
                    placeholder="Search..."
                    type="text"
                  />,
                  "handler": "onChange",
                  "handlers": Array [],
                  "time": "400",
                },
                "ref": null,
                "rendered": Object {
                  "instance": null,
                  "key": undefined,
                  "nodeType": "host",
                  "props": Object {
                    "aria-describedby": "search",
                    "className": "form-control",
                    "onChange": [Function],
                    "placeholder": "Search...",
                    "type": "text",
                  },
                  "ref": null,
                  "rendered": null,
                  "type": "input",
                },
                "type": [Function],
              },
            ],
            "type": "div",
          },
          "type": "div",
        },
        "type": "div",
      },
      "type": "div",
    },
    "type": "div",
  },
  Symbol(enzyme.__nodes__): Array [
    Object {
      "instance": null,
      "key": undefined,
      "nodeType": "host",
      "props": Object {
        "children": <div
          className="container"
        >
          <div
            className="row justify-content-center"
          >
            <div
              className="col-10 col-sm-8 col-md-6"
            >
              <div
                className="input-group"
              >
                <div
                  className="input-group-prepend"
                >
                  <span
                    className="input-group-text box"
                    id="basic-addon1"
                  >
                    @
                  </span>
                </div>
                <Debounce
                  handler="onChange"
                  handlers={Array []}
                  time="400"
                >
                  <input
                    aria-describedby="search"
                    className="form-control"
                    onChange={[Function]}
                    placeholder="Search..."
                    type="text"
                  />
                </Debounce>
              </div>
            </div>
          </div>
        </div>,
        "className": "jumbotron jumbotron-fluid header",
      },
      "ref": null,
      "rendered": Object {
        "instance": null,
        "key": undefined,
        "nodeType": "host",
        "props": Object {
          "children": <div
            className="row justify-content-center"
          >
            <div
              className="col-10 col-sm-8 col-md-6"
            >
              <div
                className="input-group"
              >
                <div
                  className="input-group-prepend"
                >
                  <span
                    className="input-group-text box"
                    id="basic-addon1"
                  >
                    @
                  </span>
                </div>
                <Debounce
                  handler="onChange"
                  handlers={Array []}
                  time="400"
                >
                  <input
                    aria-describedby="search"
                    className="form-control"
                    onChange={[Function]}
                    placeholder="Search..."
                    type="text"
                  />
                </Debounce>
              </div>
            </div>
          </div>,
          "className": "container",
        },
        "ref": null,
        "rendered": Object {
          "instance": null,
          "key": undefined,
          "nodeType": "host",
          "props": Object {
            "children": <div
              className="col-10 col-sm-8 col-md-6"
            >
              <div
                className="input-group"
              >
                <div
                  className="input-group-prepend"
                >
                  <span
                    className="input-group-text box"
                    id="basic-addon1"
                  >
                    @
                  </span>
                </div>
                <Debounce
                  handler="onChange"
                  handlers={Array []}
                  time="400"
                >
                  <input
                    aria-describedby="search"
                    className="form-control"
                    onChange={[Function]}
                    placeholder="Search..."
                    type="text"
                  />
                </Debounce>
              </div>
            </div>,
            "className": "row justify-content-center",
          },
          "ref": null,
          "rendered": Object {
            "instance": null,
            "key": undefined,
            "nodeType": "host",
            "props": Object {
              "children": <div
                className="input-group"
              >
                <div
                  className="input-group-prepend"
                >
                  <span
                    className="input-group-text box"
                    id="basic-addon1"
                  >
                    @
                  </span>
                </div>
                <Debounce
                  handler="onChange"
                  handlers={Array []}
                  time="400"
                >
                  <input
                    aria-describedby="search"
                    className="form-control"
                    onChange={[Function]}
                    placeholder="Search..."
                    type="text"
                  />
                </Debounce>
              </div>,
              "className": "col-10 col-sm-8 col-md-6",
            },
            "ref": null,
            "rendered": Object {
              "instance": null,
              "key": undefined,
              "nodeType": "host",
              "props": Object {
                "children": Array [
                  <div
                    className="input-group-prepend"
                  >
                    <span
                      className="input-group-text box"
                      id="basic-addon1"
                    >
                      @
                    </span>
                  </div>,
                  <Debounce
                    handler="onChange"
                    handlers={Array []}
                    time="400"
                  >
                    <input
                      aria-describedby="search"
                      className="form-control"
                      onChange={[Function]}
                      placeholder="Search..."
                      type="text"
                    />
                  </Debounce>,
                ],
                "className": "input-group",
              },
              "ref": null,
              "rendered": Array [
                Object {
                  "instance": null,
                  "key": undefined,
                  "nodeType": "host",
                  "props": Object {
                    "children": <span
                      className="input-group-text box"
                      id="basic-addon1"
                    >
                      @
                    </span>,
                    "className": "input-group-prepend",
                  },
                  "ref": null,
                  "rendered": Object {
                    "instance": null,
                    "key": undefined,
                    "nodeType": "host",
                    "props": Object {
                      "children": "@",
                      "className": "input-group-text box",
                      "id": "basic-addon1",
                    },
                    "ref": null,
                    "rendered": "@",
                    "type": "span",
                  },
                  "type": "div",
                },
                Object {
                  "instance": null,
                  "key": undefined,
                  "nodeType": "class",
                  "props": Object {
                    "children": <input
                      aria-describedby="search"
                      className="form-control"
                      onChange={[Function]}
                      placeholder="Search..."
                      type="text"
                    />,
                    "handler": "onChange",
                    "handlers": Array [],
                    "time": "400",
                  },
                  "ref": null,
                  "rendered": Object {
                    "instance": null,
                    "key": undefined,
                    "nodeType": "host",
                    "props": Object {
                      "aria-describedby": "search",
                      "className": "form-control",
                      "onChange": [Function],
                      "placeholder": "Search...",
                      "type": "text",
                    },
                    "ref": null,
                    "rendered": null,
                    "type": "input",
                  },
                  "type": [Function],
                },
              ],
              "type": "div",
            },
            "type": "div",
          },
          "type": "div",
        },
        "type": "div",
      },
      "type": "div",
    },
  ],
  Symbol(enzyme.__options__): Object {
    "adapter": ReactSixteenAdapter {
      "options": Object {
        "enableComponentDidUpdateOnSetState": true,
        "lifecycles": Object {
          "componentDidUpdate": Object {
            "onSetState": true,
          },
          "getDerivedStateFromProps": true,
          "getSnapshotBeforeUpdate": true,
          "setState": Object {
            "skipsComponentDidUpdateOnNullish": true,
          },
        },
      },
    },
  },
}
`;
